** Drc report for C:\Github\KTH\PCB-Design\hardware\epc2361-sixparallel\epc2361-sixparallel.kicad_pcb **
** Created on 2026-09-21 11:07:03 **

** Found 113 DRC violations **
[clearance]: Clearance violation (netclass 'Default' clearance 0.2000 mm; actual 0.0500 mm)
    Rule: netclass 'Default'; Severity: error
    @(67.0000 mm, 12.0000 mm): Track [DC+] on F.Cu, length 22.0000 mm
    @(76.6000 mm, 13.0000 mm): Pad 1 [GH_4] of TP22 on F.Cu
[clearance]: Clearance violation (netclass 'Default' clearance 0.2000 mm; actual 0.0500 mm)
    Rule: netclass 'Default'; Severity: error
    @(111.0000 mm, 12.0000 mm): Track [DC+] on F.Cu, length 22.0000 mm
    @(120.6000 mm, 13.0000 mm): Pad 1 [GH_6] of TP36 on F.Cu
[clearance]: Clearance violation (netclass 'Default' clearance 0.2000 mm; actual 0.0500 mm)
    Rule: netclass 'Default'; Severity: error
    @(45.0000 mm, 12.0000 mm): Track [DC+] on F.Cu, length 22.0000 mm
    @(54.6000 mm, 13.0000 mm): Pad 1 [GH_3] of TP15 on F.Cu
[clearance]: Clearance violation (netclass 'Default' clearance 0.2000 mm; actual 0.0500 mm)
    Rule: netclass 'Default'; Severity: error
    @(23.0000 mm, 12.0000 mm): Track [DC+] on F.Cu, length 22.0000 mm
    @(32.6000 mm, 13.0000 mm): Pad 1 [GH_2] of TP8 on F.Cu
[clearance]: Clearance violation (netclass 'Default' clearance 0.2000 mm; actual 0.0500 mm)
    Rule: netclass 'Default'; Severity: error
    @(89.0000 mm, 12.0000 mm): Track [DC+] on F.Cu, length 22.0000 mm
    @(98.6000 mm, 13.0000 mm): Pad 1 [GH_5] of TP29 on F.Cu
[lib_footprint_mismatch]: Footprint 'C_0805_2012Metric' does not match copy in library 'Capacitor_SMD'.
    Local override; Severity: warning
    @(16.0500 mm, 10.0000 mm): Footprint C4
[lib_footprint_mismatch]: Footprint 'R_0402_1005Metric' does not match copy in library 'Resistor_SMD'.
    Local override; Severity: warning
    @(33.0000 mm, 15.7200 mm): Footprint RGS3
[lib_footprint_mismatch]: Footprint 'R_0402_1005Metric' does not match copy in library 'Resistor_SMD'.
    Local override; Severity: warning
    @(9.2000 mm, 14.7700 mm): Footprint RG1
[lib_footprint_mismatch]: Footprint 'EPC2361' does not match copy in library 'epc2361-cell'.
    Local override; Severity: warning
    @(37.0000 mm, 16.0000 mm): Footprint QH2
[lib_footprint_mismatch]: Footprint 'C_0805_2012Metric' does not match copy in library 'Capacitor_SMD'.
    Local override; Severity: warning
    @(106.1500 mm, 10.0000 mm): Footprint C53
[lib_footprint_mismatch]: Footprint 'C_0805_2012Metric' does not match copy in library 'Capacitor_SMD'.
    Local override; Severity: warning
    @(86.2500 mm, 10.0000 mm): Footprint C42
[lib_footprint_mismatch]: Footprint 'EPC2361' does not match copy in library 'epc2361-cell'.
    Local override; Severity: warning
    @(37.0000 mm, 22.0000 mm): Footprint QL2
[lib_footprint_mismatch]: Footprint 'C_0805_2012Metric' does not match copy in library 'Capacitor_SMD'.
    Local override; Severity: warning
    @(40.1500 mm, 10.0000 mm): Footprint C17
[lib_footprint_mismatch]: Footprint 'C_0805_2012Metric' does not match copy in library 'Capacitor_SMD'.
    Local override; Severity: warning
    @(75.7500 mm, 10.0000 mm): Footprint C37
[lib_footprint_mismatch]: Footprint 'R_0402_1005Metric' does not match copy in library 'Resistor_SMD'.
    Local override; Severity: warning
    @(33.0000 mm, 21.7200 mm): Footprint RGS4
[lib_footprint_mismatch]: Footprint 'C_0805_2012Metric' does not match copy in library 'Capacitor_SMD'.
    Local override; Severity: warning
    @(60.0500 mm, 10.0000 mm): Footprint C28
[lib_footprint_mismatch]: Footprint 'R_0402_1005Metric' does not match copy in library 'Resistor_SMD'.
    Local override; Severity: warning
    @(31.2000 mm, 20.7700 mm): Footprint RG4
[lib_footprint_mismatch]: Footprint 'C_0805_2012Metric' does not match copy in library 'Capacitor_SMD'.
    Local override; Severity: warning
    @(53.7500 mm, 10.0000 mm): Footprint C25
[lib_footprint_mismatch]: Footprint 'C_0805_2012Metric' does not match copy in library 'Capacitor_SMD'.
    Local override; Severity: warning
    @(97.7500 mm, 10.0000 mm): Footprint C49
[lib_footprint_mismatch]: Footprint 'R_0402_1005Metric' does not match copy in library 'Resistor_SMD'.
    Local override; Severity: warning
    @(75.2000 mm, 14.7700 mm): Footprint RG7
[lib_footprint_mismatch]: Footprint 'C_0805_2012Metric' does not match copy in library 'Capacitor_SMD'.
    Local override; Severity: warning
    @(20.2500 mm, 10.0000 mm): Footprint C6
[lib_footprint_mismatch]: Footprint 'EPC2361' does not match copy in library 'epc2361-cell'.
    Local override; Severity: warning
    @(15.0000 mm, 22.0000 mm): Footprint QL1
[lib_footprint_mismatch]: Footprint 'C_0805_2012Metric' does not match copy in library 'Capacitor_SMD'.
    Local override; Severity: warning
    @(119.7500 mm, 10.0000 mm): Footprint C61
[lib_footprint_mismatch]: Footprint 'EPC2361' does not match copy in library 'epc2361-cell'.
    Local override; Severity: warning
    @(15.0000 mm, 16.0000 mm): Footprint QH1
[lib_footprint_mismatch]: Footprint 'R_0402_1005Metric' does not match copy in library 'Resistor_SMD'.
    Local override; Severity: warning
    @(11.0000 mm, 21.7200 mm): Footprint RGS2
[lib_footprint_mismatch]: Footprint 'R_0402_1005Metric' does not match copy in library 'Resistor_SMD'.
    Local override; Severity: warning
    @(55.0000 mm, 21.7200 mm): Footprint RGS6
[lib_footprint_mismatch]: Footprint 'C_0805_2012Metric' does not match copy in library 'Capacitor_SMD'.
    Local override; Severity: warning
    @(79.9500 mm, 10.0000 mm): Footprint C39
[lib_footprint_mismatch]: Footprint 'R_0402_1005Metric' does not match copy in library 'Resistor_SMD'.
    Local override; Severity: warning
    @(99.0000 mm, 15.7200 mm): Footprint RGS9
[lib_footprint_mismatch]: Footprint 'R_0402_1005Metric' does not match copy in library 'Resistor_SMD'.
    Local override; Severity: warning
    @(9.2000 mm, 20.7700 mm): Footprint RG2
[lib_footprint_mismatch]: Footprint 'EPC2361' does not match copy in library 'epc2361-cell'.
    Local override; Severity: warning
    @(103.0000 mm, 22.0000 mm): Footprint QL5
[lib_footprint_mismatch]: Footprint 'R_0402_1005Metric' does not match copy in library 'Resistor_SMD'.
    Local override; Severity: warning
    @(77.0000 mm, 21.7200 mm): Footprint RGS8
[lib_footprint_mismatch]: Footprint 'C_0805_2012Metric' does not match copy in library 'Capacitor_SMD'.
    Local override; Severity: warning
    @(121.8500 mm, 10.0000 mm): Footprint C62
[lib_footprint_mismatch]: Footprint 'R_0402_1005Metric' does not match copy in library 'Resistor_SMD'.
    Local override; Severity: warning
    @(31.2000 mm, 14.7700 mm): Footprint RG3
[lib_footprint_mismatch]: Footprint 'C_0805_2012Metric' does not match copy in library 'Capacitor_SMD'.
    Local override; Severity: warning
    @(35.9500 mm, 10.0000 mm): Footprint C15
[lib_footprint_mismatch]: Footprint 'C_0805_2012Metric' does not match copy in library 'Capacitor_SMD'.
    Local override; Severity: warning
    @(57.9500 mm, 10.0000 mm): Footprint C27
[lib_footprint_mismatch]: Footprint 'C_0805_2012Metric' does not match copy in library 'Capacitor_SMD'.
    Local override; Severity: warning
    @(42.2500 mm, 10.0000 mm): Footprint C18
[lib_footprint_mismatch]: Footprint 'R_0402_1005Metric' does not match copy in library 'Resistor_SMD'.
    Local override; Severity: warning
    @(119.2000 mm, 14.7700 mm): Footprint RG11
[lib_footprint_mismatch]: Footprint 'R_0402_1005Metric' does not match copy in library 'Resistor_SMD'.
    Local override; Severity: warning
    @(99.0000 mm, 21.7200 mm): Footprint RGS10
[lib_footprint_mismatch]: Footprint 'R_0402_1005Metric' does not match copy in library 'Resistor_SMD'.
    Local override; Severity: warning
    @(11.0000 mm, 15.7200 mm): Footprint RGS1
[lib_footprint_mismatch]: Footprint 'R_0402_1005Metric' does not match copy in library 'Resistor_SMD'.
    Local override; Severity: warning
    @(53.2000 mm, 14.7700 mm): Footprint RG5
[lib_footprint_mismatch]: Footprint 'R_0402_1005Metric' does not match copy in library 'Resistor_SMD'.
    Local override; Severity: warning
    @(121.0000 mm, 21.7200 mm): Footprint RGS12
[lib_footprint_mismatch]: Footprint 'R_0402_1005Metric' does not match copy in library 'Resistor_SMD'.
    Local override; Severity: warning
    @(97.2000 mm, 14.7700 mm): Footprint RG9
[lib_footprint_mismatch]: Footprint 'C_0805_2012Metric' does not match copy in library 'Capacitor_SMD'.
    Local override; Severity: warning
    @(126.0500 mm, 10.0000 mm): Footprint C64
[lib_footprint_mismatch]: Footprint 'EPC2361' does not match copy in library 'epc2361-cell'.
    Local override; Severity: warning
    @(125.0000 mm, 22.0000 mm): Footprint QL6
[lib_footprint_mismatch]: Footprint 'R_0402_1005Metric' does not match copy in library 'Resistor_SMD'.
    Local override; Severity: warning
    @(119.2000 mm, 20.7700 mm): Footprint RG12
[lib_footprint_mismatch]: Footprint 'C_0805_2012Metric' does not match copy in library 'Capacitor_SMD'.
    Local override; Severity: warning
    @(84.1500 mm, 10.0000 mm): Footprint C41
[lib_footprint_mismatch]: Footprint 'C_0805_2012Metric' does not match copy in library 'Capacitor_SMD'.
    Local override; Severity: warning
    @(101.9500 mm, 10.0000 mm): Footprint C51
[lib_footprint_mismatch]: Footprint 'C_0805_2012Metric' does not match copy in library 'Capacitor_SMD'.
    Local override; Severity: warning
    @(82.0500 mm, 10.0000 mm): Footprint C40
[lib_footprint_mismatch]: Footprint 'C_0805_2012Metric' does not match copy in library 'Capacitor_SMD'.
    Local override; Severity: warning
    @(128.1500 mm, 10.0000 mm): Footprint C65
[lib_footprint_mismatch]: Footprint 'R_0402_1005Metric' does not match copy in library 'Resistor_SMD'.
    Local override; Severity: warning
    @(53.2000 mm, 20.7700 mm): Footprint RG6
[lib_footprint_mismatch]: Footprint 'C_0805_2012Metric' does not match copy in library 'Capacitor_SMD'.
    Local override; Severity: warning
    @(11.8500 mm, 10.0000 mm): Footprint C2
[lib_footprint_mismatch]: Footprint 'R_0402_1005Metric' does not match copy in library 'Resistor_SMD'.
    Local override; Severity: warning
    @(121.0000 mm, 15.7200 mm): Footprint RGS11
[lib_footprint_mismatch]: Footprint 'C_0805_2012Metric' does not match copy in library 'Capacitor_SMD'.
    Local override; Severity: warning
    @(18.1500 mm, 10.0000 mm): Footprint C5
[lib_footprint_mismatch]: Footprint 'R_0402_1005Metric' does not match copy in library 'Resistor_SMD'.
    Local override; Severity: warning
    @(97.2000 mm, 20.7700 mm): Footprint RG10
[lib_footprint_mismatch]: Footprint 'EPC2361' does not match copy in library 'epc2361-cell'.
    Local override; Severity: warning
    @(59.0000 mm, 22.0000 mm): Footprint QL3
[lib_footprint_mismatch]: Footprint 'C_0805_2012Metric' does not match copy in library 'Capacitor_SMD'.
    Local override; Severity: warning
    @(99.8500 mm, 10.0000 mm): Footprint C50
[lib_footprint_mismatch]: Footprint 'C_0805_2012Metric' does not match copy in library 'Capacitor_SMD'.
    Local override; Severity: warning
    @(13.9500 mm, 10.0000 mm): Footprint C3
[lib_footprint_mismatch]: Footprint 'R_0402_1005Metric' does not match copy in library 'Resistor_SMD'.
    Local override; Severity: warning
    @(77.0000 mm, 15.7200 mm): Footprint RGS7
[lib_footprint_mismatch]: Footprint 'C_0805_2012Metric' does not match copy in library 'Capacitor_SMD'.
    Local override; Severity: warning
    @(77.8500 mm, 10.0000 mm): Footprint C38
[lib_footprint_mismatch]: Footprint 'C_0805_2012Metric' does not match copy in library 'Capacitor_SMD'.
    Local override; Severity: warning
    @(38.0500 mm, 10.0000 mm): Footprint C16
[lib_footprint_mismatch]: Footprint 'C_0805_2012Metric' does not match copy in library 'Capacitor_SMD'.
    Local override; Severity: warning
    @(31.7500 mm, 10.0000 mm): Footprint C13
[lib_footprint_mismatch]: Footprint 'EPC2361' does not match copy in library 'epc2361-cell'.
    Local override; Severity: warning
    @(81.0000 mm, 16.0000 mm): Footprint QH4
[lib_footprint_mismatch]: Footprint 'C_0805_2012Metric' does not match copy in library 'Capacitor_SMD'.
    Local override; Severity: warning
    @(9.7500 mm, 10.0000 mm): Footprint C1
[lib_footprint_mismatch]: Footprint 'C_0805_2012Metric' does not match copy in library 'Capacitor_SMD'.
    Local override; Severity: warning
    @(123.9500 mm, 10.0000 mm): Footprint C63
[lib_footprint_mismatch]: Footprint 'C_0805_2012Metric' does not match copy in library 'Capacitor_SMD'.
    Local override; Severity: warning
    @(55.8500 mm, 10.0000 mm): Footprint C26
[lib_footprint_mismatch]: Footprint 'R_0402_1005Metric' does not match copy in library 'Resistor_SMD'.
    Local override; Severity: warning
    @(55.0000 mm, 15.7200 mm): Footprint RGS5
[lib_footprint_mismatch]: Footprint 'EPC2361' does not match copy in library 'epc2361-cell'.
    Local override; Severity: warning
    @(125.0000 mm, 16.0000 mm): Footprint QH6
[lib_footprint_mismatch]: Footprint 'EPC2361' does not match copy in library 'epc2361-cell'.
    Local override; Severity: warning
    @(81.0000 mm, 22.0000 mm): Footprint QL4
[lib_footprint_mismatch]: Footprint 'R_0402_1005Metric' does not match copy in library 'Resistor_SMD'.
    Local override; Severity: warning
    @(75.2000 mm, 20.7700 mm): Footprint RG8
[lib_footprint_mismatch]: Footprint 'C_0805_2012Metric' does not match copy in library 'Capacitor_SMD'.
    Local override; Severity: warning
    @(33.8500 mm, 10.0000 mm): Footprint C14
[lib_footprint_mismatch]: Footprint 'C_0805_2012Metric' does not match copy in library 'Capacitor_SMD'.
    Local override; Severity: warning
    @(104.0500 mm, 10.0000 mm): Footprint C52
[lib_footprint_mismatch]: Footprint 'C_0805_2012Metric' does not match copy in library 'Capacitor_SMD'.
    Local override; Severity: warning
    @(108.2500 mm, 10.0000 mm): Footprint C54
[lib_footprint_mismatch]: Footprint 'C_0805_2012Metric' does not match copy in library 'Capacitor_SMD'.
    Local override; Severity: warning
    @(62.1500 mm, 10.0000 mm): Footprint C29
[lib_footprint_mismatch]: Footprint 'EPC2361' does not match copy in library 'epc2361-cell'.
    Local override; Severity: warning
    @(103.0000 mm, 16.0000 mm): Footprint QH5
[lib_footprint_mismatch]: Footprint 'C_0805_2012Metric' does not match copy in library 'Capacitor_SMD'.
    Local override; Severity: warning
    @(130.2500 mm, 10.0000 mm): Footprint C66
[lib_footprint_mismatch]: Footprint 'C_0805_2012Metric' does not match copy in library 'Capacitor_SMD'.
    Local override; Severity: warning
    @(64.2500 mm, 10.0000 mm): Footprint C30
[lib_footprint_mismatch]: Footprint 'EPC2361' does not match copy in library 'epc2361-cell'.
    Local override; Severity: warning
    @(59.0000 mm, 16.0000 mm): Footprint QH3
[lib_footprint_mismatch]: Footprint 'C_0805_2012Metric' does not match copy in library 'Capacitor_SMD'.
    Local override; Severity: warning
    @(64.2500 mm, 10.0000 mm): Footprint C36
[lib_footprint_mismatch]: Footprint 'C_0805_2012Metric' does not match copy in library 'Capacitor_SMD'.
    Local override; Severity: warning
    @(31.7500 mm, 10.0000 mm): Footprint C19
[lib_footprint_mismatch]: Footprint 'C_0805_2012Metric' does not match copy in library 'Capacitor_SMD'.
    Local override; Severity: warning
    @(42.2500 mm, 10.0000 mm): Footprint C24
[lib_footprint_mismatch]: Footprint 'C_0805_2012Metric' does not match copy in library 'Capacitor_SMD'.
    Local override; Severity: warning
    @(99.8500 mm, 10.0000 mm): Footprint C56
[lib_footprint_mismatch]: Footprint 'C_0805_2012Metric' does not match copy in library 'Capacitor_SMD'.
    Local override; Severity: warning
    @(33.8500 mm, 10.0000 mm): Footprint C20
[lib_footprint_mismatch]: Footprint 'C_0805_2012Metric' does not match copy in library 'Capacitor_SMD'.
    Local override; Severity: warning
    @(60.0500 mm, 10.0000 mm): Footprint C34
[lib_footprint_mismatch]: Footprint 'C_0805_2012Metric' does not match copy in library 'Capacitor_SMD'.
    Local override; Severity: warning
    @(62.1500 mm, 10.0000 mm): Footprint C35
[lib_footprint_mismatch]: Footprint 'C_0805_2012Metric' does not match copy in library 'Capacitor_SMD'.
    Local override; Severity: warning
    @(20.2500 mm, 10.0000 mm): Footprint C12
[lib_footprint_mismatch]: Footprint 'C_0805_2012Metric' does not match copy in library 'Capacitor_SMD'.
    Local override; Severity: warning
    @(101.9500 mm, 10.0000 mm): Footprint C57
[lib_footprint_mismatch]: Footprint 'C_0805_2012Metric' does not match copy in library 'Capacitor_SMD'.
    Local override; Severity: warning
    @(55.8500 mm, 10.0000 mm): Footprint C32
[lib_footprint_mismatch]: Footprint 'C_0805_2012Metric' does not match copy in library 'Capacitor_SMD'.
    Local override; Severity: warning
    @(128.1500 mm, 10.0000 mm): Footprint C71
[lib_footprint_mismatch]: Footprint 'C_0805_2012Metric' does not match copy in library 'Capacitor_SMD'.
    Local override; Severity: warning
    @(57.9500 mm, 10.0000 mm): Footprint C33
[lib_footprint_mismatch]: Footprint 'C_0805_2012Metric' does not match copy in library 'Capacitor_SMD'.
    Local override; Severity: warning
    @(79.9500 mm, 10.0000 mm): Footprint C45
[lib_footprint_mismatch]: Footprint 'C_0805_2012Metric' does not match copy in library 'Capacitor_SMD'.
    Local override; Severity: warning
    @(84.1500 mm, 10.0000 mm): Footprint C47
[lib_footprint_mismatch]: Footprint 'C_0805_2012Metric' does not match copy in library 'Capacitor_SMD'.
    Local override; Severity: warning
    @(38.0500 mm, 10.0000 mm): Footprint C22
[lib_footprint_mismatch]: Footprint 'C_0805_2012Metric' does not match copy in library 'Capacitor_SMD'.
    Local override; Severity: warning
    @(75.7500 mm, 10.0000 mm): Footprint C43
[lib_footprint_mismatch]: Footprint 'C_0805_2012Metric' does not match copy in library 'Capacitor_SMD'.
    Local override; Severity: warning
    @(35.9500 mm, 10.0000 mm): Footprint C21
[lib_footprint_mismatch]: Footprint 'C_0805_2012Metric' does not match copy in library 'Capacitor_SMD'.
    Local override; Severity: warning
    @(40.1500 mm, 10.0000 mm): Footprint C23
[lib_footprint_mismatch]: Footprint 'C_0805_2012Metric' does not match copy in library 'Capacitor_SMD'.
    Local override; Severity: warning
    @(11.8500 mm, 10.0000 mm): Footprint C8
[lib_footprint_mismatch]: Footprint 'C_0805_2012Metric' does not match copy in library 'Capacitor_SMD'.
    Local override; Severity: warning
    @(53.7500 mm, 10.0000 mm): Footprint C31
[lib_footprint_mismatch]: Footprint 'C_0805_2012Metric' does not match copy in library 'Capacitor_SMD'.
    Local override; Severity: warning
    @(123.9500 mm, 10.0000 mm): Footprint C69
[lib_footprint_mismatch]: Footprint 'C_0805_2012Metric' does not match copy in library 'Capacitor_SMD'.
    Local override; Severity: warning
    @(97.7500 mm, 10.0000 mm): Footprint C55
[lib_footprint_mismatch]: Footprint 'C_0805_2012Metric' does not match copy in library 'Capacitor_SMD'.
    Local override; Severity: warning
    @(130.2500 mm, 10.0000 mm): Footprint C72
[lib_footprint_mismatch]: Footprint 'C_0805_2012Metric' does not match copy in library 'Capacitor_SMD'.
    Local override; Severity: warning
    @(121.8500 mm, 10.0000 mm): Footprint C68
[lib_footprint_mismatch]: Footprint 'C_0805_2012Metric' does not match copy in library 'Capacitor_SMD'.
    Local override; Severity: warning
    @(106.1500 mm, 10.0000 mm): Footprint C59
[lib_footprint_mismatch]: Footprint 'C_0805_2012Metric' does not match copy in library 'Capacitor_SMD'.
    Local override; Severity: warning
    @(18.1500 mm, 10.0000 mm): Footprint C11
[lib_footprint_mismatch]: Footprint 'C_0805_2012Metric' does not match copy in library 'Capacitor_SMD'.
    Local override; Severity: warning
    @(13.9500 mm, 10.0000 mm): Footprint C9
[lib_footprint_mismatch]: Footprint 'C_0805_2012Metric' does not match copy in library 'Capacitor_SMD'.
    Local override; Severity: warning
    @(104.0500 mm, 10.0000 mm): Footprint C58
[lib_footprint_mismatch]: Footprint 'C_0805_2012Metric' does not match copy in library 'Capacitor_SMD'.
    Local override; Severity: warning
    @(16.0500 mm, 10.0000 mm): Footprint C10
[lib_footprint_mismatch]: Footprint 'C_0805_2012Metric' does not match copy in library 'Capacitor_SMD'.
    Local override; Severity: warning
    @(9.7500 mm, 10.0000 mm): Footprint C7
[lib_footprint_mismatch]: Footprint 'C_0805_2012Metric' does not match copy in library 'Capacitor_SMD'.
    Local override; Severity: warning
    @(126.0500 mm, 10.0000 mm): Footprint C70
[lib_footprint_mismatch]: Footprint 'C_0805_2012Metric' does not match copy in library 'Capacitor_SMD'.
    Local override; Severity: warning
    @(86.2500 mm, 10.0000 mm): Footprint C48
[lib_footprint_mismatch]: Footprint 'C_0805_2012Metric' does not match copy in library 'Capacitor_SMD'.
    Local override; Severity: warning
    @(77.8500 mm, 10.0000 mm): Footprint C44
[lib_footprint_mismatch]: Footprint 'C_0805_2012Metric' does not match copy in library 'Capacitor_SMD'.
    Local override; Severity: warning
    @(108.2500 mm, 10.0000 mm): Footprint C60
[lib_footprint_mismatch]: Footprint 'C_0805_2012Metric' does not match copy in library 'Capacitor_SMD'.
    Local override; Severity: warning
    @(82.0500 mm, 10.0000 mm): Footprint C46
[lib_footprint_mismatch]: Footprint 'C_0805_2012Metric' does not match copy in library 'Capacitor_SMD'.
    Local override; Severity: warning
    @(119.7500 mm, 10.0000 mm): Footprint C67

** Found 0 unconnected pads **

** Found 0 Footprint errors **

** End of Report **
