Circuit: * C:\Github\KTH\DC-Bus Current Modelling\LTspice\PhBResponse.asc

.OP point found by inspection.
Ignoring empty pin current: Ix(1:1)
Ignoring empty pin current: Ix(1:2)
Ignoring empty pin current: Ix(1:3)
Ignoring empty pin current: Ix(1:4)
Ignoring empty pin current: Ix(1:5)
Ignoring empty pin current: Ix(1:6)
Ignoring empty pin current: Ix(1:7)
Ignoring empty pin current: Ix(1:8)
Ignoring empty pin current: Ix(1:9)
Ignoring empty pin current: Ix(1:10)
Ignoring empty pin current: Ix(1:11)
Ignoring empty pin current: Ix(1:12)
Ignoring empty pin current: Ix(1:13)
Ignoring empty pin current: Ix(1:14)
Ignoring empty pin current: Ix(1:15)
Ignoring empty pin current: Ix(1:16)
Ignoring empty pin current: Ix(u1:1)
Ignoring empty pin current: Ix(u1:2)
Ignoring empty pin current: Ix(u1:3)
Ignoring empty pin current: Ix(u1:4)
Ignoring empty pin current: Ix(u1:5)
Ignoring empty pin current: Ix(u1:6)
Ignoring empty pin current: Ix(u1:7)
Ignoring empty pin current: Ix(u1:8)
Ignoring empty pin current: Ix(u1:9)
Ignoring empty pin current: Ix(u1:10)
Ignoring empty pin current: Ix(1:1)
Ignoring empty pin current: Ix(1:2)
Ignoring empty pin current: Ix(1:3)
Ignoring empty pin current: Ix(1:4)
Ignoring empty pin current: Ix(1:5)
Ignoring empty pin current: Ix(1:6)
Ignoring empty pin current: Ix(1:7)
Ignoring empty pin current: Ix(1:8)
Ignoring empty pin current: Ix(1:9)
Ignoring empty pin current: Ix(1:10)
Ignoring empty pin current: Ix(1:11)
Ignoring empty pin current: Ix(1:12)
Ignoring empty pin current: Ix(1:13)
Ignoring empty pin current: Ix(1:14)
Ignoring empty pin current: Ix(1:15)
Ignoring empty pin current: Ix(1:16)
Ignoring empty pin current: Ix(u1:1)
Ignoring empty pin current: Ix(u1:2)
Ignoring empty pin current: Ix(u1:3)
Ignoring empty pin current: Ix(u1:4)
Ignoring empty pin current: Ix(u1:5)
Ignoring empty pin current: Ix(u1:6)
Ignoring empty pin current: Ix(u1:7)
Ignoring empty pin current: Ix(u1:8)
Ignoring empty pin current: Ix(u1:9)
Ignoring empty pin current: Ix(u1:10)

Date: Fri Nov 15 11:54:11 2024
Total elapsed time: 0.044 seconds.

tnom = 27
temp = 27
method = trap
totiter = 0
traniter = 0
tranpoints = 0
accept = 0
rejected = 0
matrix size = 49
fillins = 294
solver = Normal
Avg thread counts: 12.0/0.0/0.0/2.0
Matrix Compiler1:    2210 opcodes
Matrix Compiler2:     756 opcodes
